// Jest Snapshot v1, https://goo.gl/fbAQLP

exports[`test shared output modules should shared output modules 1`] = `
[
  "isType",
  "getType",
  "isFn",
  "isArr",
  "isPlainObj",
  "isStr",
  "isBool",
  "isNum",
  "isRegexp",
  "isUndefined",
  "isDate",
  "isObj",
  "isElement",
  "encrypt",
  "decrypt",
  "qs",
  "noop",
  "omit",
  "pick",
  "hasOwn",
  "transProfile",
  "includes",
  "excludes",
  "pickParse",
  "formatNumber",
  "getReferrer",
  "getTimezoneOffset",
  "getScreenWidth",
  "getScreenHeight",
  "getViewportWidth",
  "getViewportHeight",
  "getUrl",
  "getPathName",
  "getTitle",
  "getCurrentElementSelector",
  "getElementSelector",
  "getElementPath",
  "getElementClassName",
  "getElementContent",
  "getElementTagName",
  "getElementId",
  "getElementClassList",
  "getAttributeNames",
  "BaseStorage",
  "createLocalStorage",
  "createSessionStorage",
  "createCookie",
]
`;
