// Jest Snapshot v1, https://goo.gl/fbAQLP

exports[`test logger throw error 1`] = `"has a Error"`;
