// Jest Snapshot v1, https://goo.gl/fbAQLP

exports[`browser-click-plugin should browser-click output modules 1`] = `
{
  "BrowserClickEvent": "browser-click",
  "BrowserClickPlugin": [Function],
  "defaultGenRecord": [Function],
}
`;
